// Vitest Snapshot v1, https://vitest.dev/guide/snapshot.html

exports[`form-designer/types > maps schema fields to vben schema snapshot 1`] = `
[
  {
    "component": "Input",
    "componentProps": {
      "placeholder": "请输入",
    },
    "defaultValue": "",
    "fieldName": "field_1",
    "label": "输入框",
    "rules": undefined,
  },
  {
    "component": "Select",
    "componentProps": {
      "options": [
        {
          "label": "选项1",
          "value": "field_2_1",
        },
        {
          "label": "选项2",
          "value": "field_2_2",
        },
      ],
      "placeholder": "请选择",
    },
    "defaultValue": undefined,
    "fieldName": "field_2",
    "label": "下拉选择",
    "rules": undefined,
  },
  {
    "component": "Upload",
    "componentProps": {
      "accept": "image/*",
      "beforeUpload": [Function],
      "listType": "picture-card",
    },
    "defaultValue": [],
    "fieldName": "field_3",
    "label": "上传图片",
    "rules": undefined,
  },
]
`;
